Starting sampling...
Number of trainable parameters of Point CNF: 927513
Loading checkpoint from third_party/pointflow/checkpoints/ae/shapenet15k-catechair-a100/checkpoint-latest.pt
Original keys (first 3): ['encoder.module.conv1.weight', 'encoder.module.conv1.bias', 'encoder.module.conv2.weight']
Mapped keys (first 3): ['encoder.conv1.weight', 'encoder.conv1.bias', 'encoder.conv2.weight']
Sampling 1000 latents with dim 128...
Decoding...
Saved results to results/decoded
Sampling finished.
Step 2: Matching and Refining...
Number of trainable parameters of Point CNF: 927513
Loading checkpoint from third_party/pointflow/checkpoints/ae/shapenet15k-catechair-a100/checkpoint-latest.pt
Original keys (first 3): ['encoder.module.conv1.weight', 'encoder.module.conv1.bias', 'encoder.module.conv2.weight']
Mapped keys (first 3): ['encoder.conv1.weight', 'encoder.conv1.bias', 'encoder.conv2.weight']
Loading decoded samples...
Generating fake real shapes (perturbed decodes)...
Processing fake_real_521 (1/20)...
  Best match index: 521, Chamfer: 0.002207
  Refined Chamfer: 0.002168
Processing fake_real_737 (2/20)...
  Best match index: 737, Chamfer: 0.002339
  Refined Chamfer: 0.002296
Processing fake_real_740 (3/20)...
  Best match index: 740, Chamfer: 0.002281
  Refined Chamfer: 0.002232
Processing fake_real_660 (4/20)...
  Best match index: 660, Chamfer: 0.002313
  Refined Chamfer: 0.002277
Processing fake_real_411 (5/20)...
  Best match index: 411, Chamfer: 0.002276
  Refined Chamfer: 0.002231
Processing fake_real_678 (6/20)...
  Best match index: 678, Chamfer: 0.002224
  Refined Chamfer: 0.002178
Processing fake_real_626 (7/20)...
  Best match index: 626, Chamfer: 0.002269
  Refined Chamfer: 0.002218
Processing fake_real_513 (8/20)...
  Best match index: 513, Chamfer: 0.002284
  Refined Chamfer: 0.002246
Processing fake_real_859 (9/20)...
  Best match index: 859, Chamfer: 0.002277
  Refined Chamfer: 0.002247
Processing fake_real_136 (10/20)...
  Best match index: 136, Chamfer: 0.002105
  Refined Chamfer: 0.002059
Processing fake_real_811 (11/20)...
  Best match index: 811, Chamfer: 0.002225
  Refined Chamfer: 0.002191
Processing fake_real_76 (12/20)...
  Best match index: 76, Chamfer: 0.002257
  Refined Chamfer: 0.002224
Processing fake_real_636 (13/20)...
  Best match index: 636, Chamfer: 0.002211
