Setting up local scratch data...
Found archive third_party/pointflow/data/ShapeNetCore.v2.PC15k.zip. Copying and extracting to local scratch...
Extracting zip file...
Starting sampling...
Number of trainable parameters of Point CNF: 927513
Loading checkpoint from third_party/pointflow/checkpoints/ae/shapenet15k-catechair-a100/checkpoint-latest.pt
Original keys (first 3): ['encoder.module.conv1.weight', 'encoder.module.conv1.bias', 'encoder.module.conv2.weight']
Mapped keys (first 3): ['encoder.conv1.weight', 'encoder.conv1.bias', 'encoder.conv2.weight']
Sampling 1000 latents with dim 128...
Decoding...
Saved results to results/decoded
Sampling finished.
Step 2: Matching and Refining...
Number of trainable parameters of Point CNF: 927513
Loading checkpoint from third_party/pointflow/checkpoints/ae/shapenet15k-catechair-a100/checkpoint-latest.pt
Original keys (first 3): ['encoder.module.conv1.weight', 'encoder.module.conv1.bias', 'encoder.module.conv2.weight']
Mapped keys (first 3): ['encoder.conv1.weight', 'encoder.conv1.bias', 'encoder.conv2.weight']
Loading decoded samples...
Processing 103b75dfd146976563ed57e35c972b4b (1/10)...
  Best match index: 80, Chamfer: 0.230495
  Refined Chamfer: 0.073738
Processing 103d77d63f0d68a044e6721e9db29c1b (2/10)...
  Best match index: 80, Chamfer: 0.275656
  Refined Chamfer: 0.090275
Processing 1049953406c81b237eaeab1f0c9120b7 (3/10)...
  Best match index: 80, Chamfer: 0.272940
  Refined Chamfer: 0.101568
Processing 106a0dbaead5066519fb4103277a6b93 (4/10)...
  Best match index: 80, Chamfer: 0.216077
  Refined Chamfer: 0.065722
Processing 112cee32461c31d1d84b8ba651dfb8ac (5/10)...
  Best match index: 80, Chamfer: 0.234662
  Refined Chamfer: 0.081679
Processing 11506b96d41f7d3dd7c4a943f33e0384 (6/10)...
  Best match index: 80, Chamfer: 0.247891
  Refined Chamfer: 0.092027
Processing 117bd6da01905949a81116f5456ee312 (7/10)...
  Best match index: 80, Chamfer: 0.229346
  Refined Chamfer: 0.084032
Processing 11a06e6f68b1d99c8687ff9b0b4e4ac (8/10)...
  Best match index: 80, Chamfer: 0.247233
  Refined Chamfer: 0.092293
Processing 11e0f0dfd3d0b22130ddb6ead95f49cc (9/10)...
  Best match index: 80, Chamfer: 0.234999
