/work/09634/maadhavk631/Noisy-Point-Cloud-Reconstruction/poc_utils.py:54: FutureWarning: You are using `torch.load` with `weights_only=False` (the current default value), which uses the default pickle module implicitly. It is possible to construct malicious pickle data which will execute arbitrary code during unpickling (See https://github.com/pytorch/pytorch/blob/main/SECURITY.md#untrusted-models for more details). In a future release, the default value for `weights_only` will be flipped to `True`. This limits the functions that could be executed during unpickling. Arbitrary objects will no longer be allowed to be loaded via this mode unless they are explicitly allowlisted by the user via `torch.serialization.add_safe_globals`. We recommend you start setting `weights_only=True` for any use case where you don't have full control of the loaded file. Please open an issue on GitHub for any issues related to this experimental feature.
  checkpoint = torch.load(ckpt_path, map_location=device)
Traceback (most recent call last):
  File "/work/09634/maadhavk631/Noisy-Point-Cloud-Reconstruction/sample_and_decode.py", line 67, in <module>
    main()
  File "/work/09634/maadhavk631/Noisy-Point-Cloud-Reconstruction/sample_and_decode.py", line 20, in main
    model = load_model(args.ckpt, args.device)
  File "/work/09634/maadhavk631/Noisy-Point-Cloud-Reconstruction/poc_utils.py", line 57, in load_model
    state_dict = checkpoint['state_dict']
KeyError: 'state_dict'
/work/09634/maadhavk631/Noisy-Point-Cloud-Reconstruction/poc_utils.py:54: FutureWarning: You are using `torch.load` with `weights_only=False` (the current default value), which uses the default pickle module implicitly. It is possible to construct malicious pickle data which will execute arbitrary code during unpickling (See https://github.com/pytorch/pytorch/blob/main/SECURITY.md#untrusted-models for more details). In a future release, the default value for `weights_only` will be flipped to `True`. This limits the functions that could be executed during unpickling. Arbitrary objects will no longer be allowed to be loaded via this mode unless they are explicitly allowlisted by the user via `torch.serialization.add_safe_globals`. We recommend you start setting `weights_only=True` for any use case where you don't have full control of the loaded file. Please open an issue on GitHub for any issues related to this experimental feature.
  checkpoint = torch.load(ckpt_path, map_location=device)
Traceback (most recent call last):
  File "/work/09634/maadhavk631/Noisy-Point-Cloud-Reconstruction/match_and_refine.py", line 172, in <module>
    main()
  File "/work/09634/maadhavk631/Noisy-Point-Cloud-Reconstruction/match_and_refine.py", line 38, in main
    model = load_model(args.ckpt, args.device)
  File "/work/09634/maadhavk631/Noisy-Point-Cloud-Reconstruction/poc_utils.py", line 57, in load_model
    state_dict = checkpoint['state_dict']
KeyError: 'state_dict'
